// Jest Snapshot v1, https://goo.gl/fbAQLP

exports[`rule fix acl 1`] = `
Object {
  "acl": Object {
    "execute": Array [],
  },
}
`;
