// Jest Snapshot v1, https://goo.gl/fbAQLP

exports[`emptyName not throw 1`] = `Array []`;

exports[`emptyName throw 1`] = `
Array [
  Object {
    "message": "field must be named",
    "result": "error",
  },
]
`;
