// Jest Snapshot v1, https://goo.gl/fbAQLP

exports[`rule not throw 1`] = `Array []`;

exports[`rule throw 1`] = `
Array [
  Object {
    "entity": "species",
    "message": "plural form of entity\`s name of entity must be different from its singular form",
    "result": "error",
  },
]
`;
