// Jest Snapshot v1, https://goo.gl/fbAQLP

exports[`rule not throw 1`] = `Array []`;

exports[`rule throw 1`] = `
Array [
  Object {
    "message": "package must be named",
    "result": "error",
  },
]
`;
